// Jest Snapshot v1, https://goo.gl/fbAQLP

exports[`App renders correctly 1`] = `
<RCTSafeAreaView>
  <View
    style={
      {
        "alignItems": "center",
        "backgroundColor": "#FFFFFF",
        "justifyContent": "center",
      }
    }
  >
    <View
      accessibilityState={
        {
          "busy": undefined,
          "checked": undefined,
          "disabled": undefined,
          "expanded": undefined,
          "selected": undefined,
        }
      }
      accessibilityValue={
        {
          "max": undefined,
          "min": undefined,
          "now": undefined,
          "text": undefined,
        }
      }
      accessible={true}
      collapsable={false}
      focusable={true}
      onClick={[Function]}
      onResponderGrant={[Function]}
      onResponderMove={[Function]}
      onResponderRelease={[Function]}
      onResponderTerminate={[Function]}
      onResponderTerminationRequest={[Function]}
      onStartShouldSetResponder={[Function]}
      style={
        {
          "backgroundColor": "#AED7A0",
          "borderRadius": 4,
          "margin": 10,
          "opacity": 1,
          "padding": 10,
        }
      }
    >
      <Text
        style={
          {
            "color": "#000000",
            "fontSize": 16,
          }
        }
      >
        WRITE
      </Text>
    </View>
    <View
      accessibilityState={
        {
          "busy": undefined,
          "checked": undefined,
          "disabled": undefined,
          "expanded": undefined,
          "selected": undefined,
        }
      }
      accessibilityValue={
        {
          "max": undefined,
          "min": undefined,
          "now": undefined,
          "text": undefined,
        }
      }
      accessible={true}
      collapsable={false}
      focusable={true}
      onClick={[Function]}
      onResponderGrant={[Function]}
      onResponderMove={[Function]}
      onResponderRelease={[Function]}
      onResponderTerminate={[Function]}
      onResponderTerminationRequest={[Function]}
      onStartShouldSetResponder={[Function]}
      style={
        {
          "backgroundColor": "#AED7A0",
          "borderRadius": 4,
          "margin": 10,
          "opacity": 1,
          "padding": 10,
        }
      }
    >
      <Text
        style={
          {
            "color": "#000000",
            "fontSize": 16,
          }
        }
      >
        READ
      </Text>
    </View>
    <View
      style={
        {
          "backgroundColor": "#FFFFFF",
          "marginTop": 50,
        }
      }
    >
      <View
        style={
          {
            "marginTop": 20,
            "padding": 10,
          }
        }
      >
        <Text
          style={
            {
              "color": "green",
              "fontSize": 18,
            }
          }
        >
          The number of unique IP addresses :
        </Text>
        <Text
          style={
            {
              "marginTop": 20,
            }
          }
        >
          0
        </Text>
      </View>
      <View
        style={
          {
            "marginTop": 20,
            "padding": 10,
          }
        }
      >
        <Text
          style={
            {
              "color": "green",
              "fontSize": 18,
            }
          }
        >
          The Top 3 Most Visited URLs:
        </Text>
      </View>
      <View
        style={
          {
            "marginTop": 20,
            "padding": 10,
          }
        }
      >
        <Text
          style={
            {
              "color": "green",
              "fontSize": 18,
            }
          }
        >
          Top 3 Most Active IP Addresses:
        </Text>
      </View>
    </View>
  </View>
</RCTSafeAreaView>
`;
